Archive member included to satisfy reference by file (symbol)

c:/program files (x86)/gnu arm embedded toolchain/10 2021.10/bin/../lib/gcc/arm-none-eabi/10.3.1/../../../../arm-none-eabi/lib/thumb/v7e-m+fp/hard\libc_nano.a(lib_a-errno.o)
                              build/obj/syscalls.o (__errno)
c:/program files (x86)/gnu arm embedded toolchain/10 2021.10/bin/../lib/gcc/arm-none-eabi/10.3.1/../../../../arm-none-eabi/lib/thumb/v7e-m+fp/hard\libc_nano.a(lib_a-exit.o)
                              c:/program files (x86)/gnu arm embedded toolchain/10 2021.10/bin/../lib/gcc/arm-none-eabi/10.3.1/../../../../arm-none-eabi/lib/thumb/v7e-m+fp/hard/crt0.o (exit)
c:/program files (x86)/gnu arm embedded toolchain/10 2021.10/bin/../lib/gcc/arm-none-eabi/10.3.1/../../../../arm-none-eabi/lib/thumb/v7e-m+fp/hard\libc_nano.a(lib_a-impure.o)
                              c:/program files (x86)/gnu arm embedded toolchain/10 2021.10/bin/../lib/gcc/arm-none-eabi/10.3.1/../../../../arm-none-eabi/lib/thumb/v7e-m+fp/hard\libc_nano.a(lib_a-exit.o) (_global_impure_ptr)
c:/program files (x86)/gnu arm embedded toolchain/10 2021.10/bin/../lib/gcc/arm-none-eabi/10.3.1/../../../../arm-none-eabi/lib/thumb/v7e-m+fp/hard\libc_nano.a(lib_a-init.o)
                              c:/program files (x86)/gnu arm embedded toolchain/10 2021.10/bin/../lib/gcc/arm-none-eabi/10.3.1/../../../../arm-none-eabi/lib/thumb/v7e-m+fp/hard/crt0.o (__libc_init_array)
c:/program files (x86)/gnu arm embedded toolchain/10 2021.10/bin/../lib/gcc/arm-none-eabi/10.3.1/../../../../arm-none-eabi/lib/thumb/v7e-m+fp/hard\libc_nano.a(lib_a-memset.o)
                              c:/program files (x86)/gnu arm embedded toolchain/10 2021.10/bin/../lib/gcc/arm-none-eabi/10.3.1/../../../../arm-none-eabi/lib/thumb/v7e-m+fp/hard/crt0.o (memset)

Discarded input sections

 .group         0x00000000        0xc build/obj/main.o
 .group         0x00000000        0xc build/obj/main.o
 .group         0x00000000        0xc build/obj/main.o
 .group         0x00000000        0xc build/obj/main.o
 .group         0x00000000        0xc build/obj/main.o
 .group         0x00000000        0xc build/obj/main.o
 .group         0x00000000        0xc build/obj/main.o
 .group         0x00000000        0xc build/obj/main.o
 .group         0x00000000        0xc build/obj/main.o
 .group         0x00000000        0xc build/obj/main.o
 .group         0x00000000        0xc build/obj/main.o
 .group         0x00000000        0xc build/obj/main.o
 .group         0x00000000        0xc build/obj/main.o
 .group         0x00000000        0xc build/obj/main.o
 .group         0x00000000        0xc build/obj/main.o
 .group         0x00000000        0xc build/obj/stm32_startup.o
 .group         0x00000000        0xc build/obj/stm32_startup.o
 .group         0x00000000        0xc build/obj/stm32_startup.o
 .group         0x00000000        0xc build/obj/stm32_startup.o
 .group         0x00000000        0xc build/obj/stm32_startup.o
 .group         0x00000000        0xc build/obj/stm32_startup.o
 .group         0x00000000        0xc build/obj/stm32_startup.o
 .debug_macro   0x00000000      0xa66 build/obj/stm32_startup.o
 .debug_macro   0x00000000       0x22 build/obj/stm32_startup.o
 .debug_macro   0x00000000      0x103 build/obj/stm32_startup.o
 .debug_macro   0x00000000       0x6a build/obj/stm32_startup.o
 .debug_macro   0x00000000      0x1df build/obj/stm32_startup.o
 .group         0x00000000        0xc build/obj/syscalls.o
 .group         0x00000000        0xc build/obj/syscalls.o
 .group         0x00000000        0xc build/obj/syscalls.o
 .group         0x00000000        0xc build/obj/syscalls.o
 .group         0x00000000        0xc build/obj/syscalls.o
 .group         0x00000000        0xc build/obj/syscalls.o
 .group         0x00000000        0xc build/obj/syscalls.o
 .group         0x00000000        0xc build/obj/syscalls.o
 .group         0x00000000        0xc build/obj/syscalls.o
 .group         0x00000000        0xc build/obj/syscalls.o
 .group         0x00000000        0xc build/obj/syscalls.o
 .group         0x00000000        0xc build/obj/syscalls.o
 .group         0x00000000        0xc build/obj/syscalls.o
 .group         0x00000000        0xc build/obj/syscalls.o
 .group         0x00000000        0xc build/obj/syscalls.o
 .group         0x00000000        0xc build/obj/syscalls.o
 .group         0x00000000        0xc build/obj/syscalls.o
 .group         0x00000000        0xc build/obj/syscalls.o
 .group         0x00000000        0xc build/obj/syscalls.o
 .group         0x00000000        0xc build/obj/syscalls.o
 .group         0x00000000        0xc build/obj/syscalls.o
 .group         0x00000000        0xc build/obj/syscalls.o
 .group         0x00000000        0xc build/obj/syscalls.o
 .group         0x00000000        0xc build/obj/syscalls.o
 .group         0x00000000        0xc build/obj/syscalls.o
 .group         0x00000000        0xc build/obj/syscalls.o
 .group         0x00000000        0xc build/obj/syscalls.o
 .group         0x00000000        0xc build/obj/syscalls.o
 .group         0x00000000        0xc build/obj/syscalls.o
 .group         0x00000000        0xc build/obj/syscalls.o
 .group         0x00000000        0xc build/obj/syscalls.o
 .group         0x00000000        0xc build/obj/syscalls.o
 .group         0x00000000        0xc build/obj/syscalls.o
 .group         0x00000000        0xc build/obj/syscalls.o
 .group         0x00000000        0xc build/obj/syscalls.o
 .group         0x00000000        0xc build/obj/syscalls.o
 .group         0x00000000        0xc build/obj/syscalls.o
 .group         0x00000000        0xc build/obj/syscalls.o
 .group         0x00000000        0xc build/obj/syscalls.o
 .group         0x00000000        0xc build/obj/syscalls.o
 .group         0x00000000        0xc build/obj/syscalls.o
 .group         0x00000000        0xc build/obj/syscalls.o
 .group         0x00000000        0xc build/obj/syscalls.o
 .group         0x00000000        0xc build/obj/syscalls.o
 .group         0x00000000        0xc build/obj/syscalls.o
 .group         0x00000000        0xc build/obj/syscalls.o
 .group         0x00000000        0xc build/obj/syscalls.o
 .debug_macro   0x00000000      0xa66 build/obj/syscalls.o
 .debug_macro   0x00000000       0x22 build/obj/syscalls.o
 .debug_macro   0x00000000       0x4c build/obj/syscalls.o
 .debug_macro   0x00000000       0x1e build/obj/syscalls.o
 .debug_macro   0x00000000       0x94 build/obj/syscalls.o
 .debug_macro   0x00000000       0x3c build/obj/syscalls.o
 .debug_macro   0x00000000       0x57 build/obj/syscalls.o
 .debug_macro   0x00000000       0x6a build/obj/syscalls.o

Memory Configuration

Name             Origin             Length             Attributes
FLASH            0x08000000         0x00100000         xr
SRAM             0x20000000         0x00020000         xrw
*default*        0x00000000         0xffffffff

Linker script and memory map

LOAD c:/program files (x86)/gnu arm embedded toolchain/10 2021.10/bin/../lib/gcc/arm-none-eabi/10.3.1/thumb/v7e-m+fp/hard/crti.o
LOAD c:/program files (x86)/gnu arm embedded toolchain/10 2021.10/bin/../lib/gcc/arm-none-eabi/10.3.1/thumb/v7e-m+fp/hard/crtbegin.o
LOAD c:/program files (x86)/gnu arm embedded toolchain/10 2021.10/bin/../lib/gcc/arm-none-eabi/10.3.1/../../../../arm-none-eabi/lib/thumb/v7e-m+fp/hard/crt0.o
LOAD build/obj/main.o
LOAD build/obj/stm32_startup.o
LOAD build/obj/syscalls.o
START GROUP
LOAD c:/program files (x86)/gnu arm embedded toolchain/10 2021.10/bin/../lib/gcc/arm-none-eabi/10.3.1/thumb/v7e-m+fp/hard\libgcc.a
LOAD c:/program files (x86)/gnu arm embedded toolchain/10 2021.10/bin/../lib/gcc/arm-none-eabi/10.3.1/../../../../arm-none-eabi/lib/thumb/v7e-m+fp/hard\libc_nano.a
END GROUP
START GROUP
LOAD c:/program files (x86)/gnu arm embedded toolchain/10 2021.10/bin/../lib/gcc/arm-none-eabi/10.3.1/thumb/v7e-m+fp/hard\libgcc.a
LOAD c:/program files (x86)/gnu arm embedded toolchain/10 2021.10/bin/../lib/gcc/arm-none-eabi/10.3.1/../../../../arm-none-eabi/lib/thumb/v7e-m+fp/hard\libc_nano.a
END GROUP
LOAD c:/program files (x86)/gnu arm embedded toolchain/10 2021.10/bin/../lib/gcc/arm-none-eabi/10.3.1/thumb/v7e-m+fp/hard/crtend.o
LOAD c:/program files (x86)/gnu arm embedded toolchain/10 2021.10/bin/../lib/gcc/arm-none-eabi/10.3.1/thumb/v7e-m+fp/hard/crtn.o

.text           0x08000000      0x780
 *(.isr_vector)
 .isr_vector    0x08000000      0x188 build/obj/stm32_startup.o
                0x08000000                vectors
 *(.text)
 .text          0x08000188        0x0 c:/program files (x86)/gnu arm embedded toolchain/10 2021.10/bin/../lib/gcc/arm-none-eabi/10.3.1/thumb/v7e-m+fp/hard/crti.o
 .text          0x08000188       0x40 c:/program files (x86)/gnu arm embedded toolchain/10 2021.10/bin/../lib/gcc/arm-none-eabi/10.3.1/thumb/v7e-m+fp/hard/crtbegin.o
 .text          0x080001c8       0x7c c:/program files (x86)/gnu arm embedded toolchain/10 2021.10/bin/../lib/gcc/arm-none-eabi/10.3.1/../../../../arm-none-eabi/lib/thumb/v7e-m+fp/hard/crt0.o
                0x080001c8                _stack_init
                0x080001d0                _start
                0x080001d0                _mainCRTStartup
 .text          0x08000244      0x150 build/obj/main.o
                0x0800030c                main
 .text          0x08000394       0x90 build/obj/stm32_startup.o
                0x08000394                RTC_Alarm_IRQHandler
                0x08000394                HASH_RNG_IRQHandler
                0x08000394                EXTI2_IRQHandler
                0x08000394                TIM8_CC_IRQHandler
                0x08000394                DebugMon_Handler
                0x08000394                TIM1_CC_IRQHandler
                0x08000394                DMA2_Stream5_IRQHandler
                0x08000394                HardFault_Handler
                0x08000394                DMA1_Stream5_IRQHandler
                0x08000394                SysTick_Handler
                0x08000394                PVD_IRQHandler
                0x08000394                SDIO_IRQHandler
                0x08000394                TAMP_STAMP_IRQHandler
                0x08000394                PendSV_Handler
                0x08000394                NMI_Handler
                0x08000394                CAN2_RX1_IRQHandler
                0x08000394                EXTI3_IRQHandler
                0x08000394                TIM8_TRG_COM_TIM14_IRQHandler
                0x08000394                TIM1_UP_TIM10_IRQHandler
                0x08000394                TIM8_UP_TIM13_IRQHandler
                0x08000394                I2C3_ER_IRQHandler
                0x08000394                EXTI0_IRQHandler
                0x08000394                I2C2_EV_IRQHandler
                0x08000394                DMA1_Stream2_IRQHandler
                0x08000394                CAN1_RX0_IRQHandler
                0x08000394                FPU_IRQHandler
                0x08000394                OTG_HS_WKUP_IRQHandler
                0x08000394                UsageFault_Handler
                0x08000394                CAN2_SCE_IRQHandler
                0x08000394                DMA2_Stream2_IRQHandler
                0x08000394                SPI1_IRQHandler
                0x08000394                TIM6_DAC_IRQHandler
                0x08000394                TIM1_BRK_TIM9_IRQHandler
                0x08000394                DCMI_IRQHandler
                0x08000394                CAN2_RX0_IRQHandler
                0x08000394                DMA2_Stream3_IRQHandler
                0x08000394                USART6_IRQHandler
                0x08000394                USART3_IRQHandler
                0x08000394                CRYP_IRQHandler
                0x08000394                DMA2_Stream6_IRQHandler
                0x08000394                CAN1_RX1_IRQHandler
                0x08000394                UART5_IRQHandler
                0x08000394                DMA2_Stream0_IRQHandler
                0x08000394                TIM4_IRQHandler
                0x08000394                I2C1_EV_IRQHandler
                0x08000394                DMA1_Stream6_IRQHandler
                0x08000394                DMA1_Stream1_IRQHandler
                0x08000394                UART4_IRQHandler
                0x08000394                TIM3_IRQHandler
                0x08000394                RCC_IRQHandler
                0x08000394                TIM8_BRK_TIM12_IRQHandler
                0x08000394                Default_Handler
                0x08000394                EXTI15_10_IRQHandler
                0x08000394                ADC_IRQHandler
                0x08000394                DMA1_Stream7_IRQHandler
                0x08000394                TIM7_IRQHandler
                0x08000394                CAN2_TX_IRQHandler
                0x08000394                TIM5_IRQHandler
                0x08000394                DMA2_Stream7_IRQHandler
                0x08000394                I2C3_EV_IRQHandler
                0x08000394                EXTI9_5_IRQHandler
                0x08000394                RTC_WKUP_IRQHandler
                0x08000394                ETH_WKUP_IRQHandler
                0x08000394                SPI2_IRQHandler
                0x08000394                OTG_HS_EP1_IN_IRQHandler
                0x08000394                MemManage_Handler
                0x08000394                DMA1_Stream0_IRQHandler
                0x08000394                CAN1_TX_IRQHandler
                0x08000394                SVC_Handler
                0x08000394                EXTI4_IRQHandler
                0x08000394                FSMC_IRQHandler
                0x08000394                ETH_IRQHandler
                0x08000394                OTG_HS_EP1_OUT_IRQHandler
                0x08000394                WWDG_IRQHandler
                0x08000394                TIM2_IRQHandler
                0x08000394                OTG_FS_WKUP_IRQHandler
                0x08000394                TIM1_TRG_COM_TIM11_IRQHandler
                0x08000394                OTG_HS_IRQHandler
                0x08000394                EXTI1_IRQHandler
                0x08000394                USART2_IRQHandler
                0x08000394                I2C2_ER_IRQHandler
                0x08000394                DMA2_Stream1_IRQHandler
                0x08000394                CAN1_SCE_IRQHandler
                0x08000394                DMA2_Stream4_IRQHandler
                0x08000394                BusFault_Handler
                0x08000394                USART1_IRQHandler
                0x08000394                OTG_FS_IRQHandler
                0x08000394                SPI3_IRQHandler
                0x08000394                DMA1_Stream4_IRQHandler
                0x08000394                I2C1_ER_IRQHandler
                0x08000394                DMA1_Stream3_IRQHandler
                0x0800039a                Reset_Handler
 .text          0x08000424      0x26c build/obj/syscalls.o
                0x08000424                initialise_monitor_handles
                0x08000432                _getpid
                0x08000442                _kill
                0x08000462                _exit
                0x08000476                _read
                0x080004b0                _write
                0x080004e8                _close
                0x08000500                _fstat
                0x08000520                _isatty
                0x08000536                _lseek
                0x08000550                _open
                0x0800056c                _wait
                0x0800058a                _unlink
                0x080005a8                _times
                0x080005c0                _stat
                0x080005e0                _link
                0x08000600                _fork
                0x08000616                _execve
                0x08000638                _sbrk
 .text          0x08000690        0x0 c:/program files (x86)/gnu arm embedded toolchain/10 2021.10/bin/../lib/gcc/arm-none-eabi/10.3.1/../../../../arm-none-eabi/lib/thumb/v7e-m+fp/hard\libc_nano.a(lib_a-errno.o)
 .text          0x08000690        0x0 c:/program files (x86)/gnu arm embedded toolchain/10 2021.10/bin/../lib/gcc/arm-none-eabi/10.3.1/../../../../arm-none-eabi/lib/thumb/v7e-m+fp/hard\libc_nano.a(lib_a-exit.o)
 .text          0x08000690        0x0 c:/program files (x86)/gnu arm embedded toolchain/10 2021.10/bin/../lib/gcc/arm-none-eabi/10.3.1/../../../../arm-none-eabi/lib/thumb/v7e-m+fp/hard\libc_nano.a(lib_a-impure.o)
 .text          0x08000690        0x0 c:/program files (x86)/gnu arm embedded toolchain/10 2021.10/bin/../lib/gcc/arm-none-eabi/10.3.1/../../../../arm-none-eabi/lib/thumb/v7e-m+fp/hard\libc_nano.a(lib_a-init.o)
 .text          0x08000690        0x0 c:/program files (x86)/gnu arm embedded toolchain/10 2021.10/bin/../lib/gcc/arm-none-eabi/10.3.1/../../../../arm-none-eabi/lib/thumb/v7e-m+fp/hard\libc_nano.a(lib_a-memset.o)
 .text          0x08000690        0x0 c:/program files (x86)/gnu arm embedded toolchain/10 2021.10/bin/../lib/gcc/arm-none-eabi/10.3.1/thumb/v7e-m+fp/hard/crtend.o
 .text          0x08000690        0x0 c:/program files (x86)/gnu arm embedded toolchain/10 2021.10/bin/../lib/gcc/arm-none-eabi/10.3.1/thumb/v7e-m+fp/hard/crtn.o
 *(.text.*)
 .text.__errno  0x08000690        0xc c:/program files (x86)/gnu arm embedded toolchain/10 2021.10/bin/../lib/gcc/arm-none-eabi/10.3.1/../../../../arm-none-eabi/lib/thumb/v7e-m+fp/hard\libc_nano.a(lib_a-errno.o)
                0x08000690                __errno
 .text.exit     0x0800069c       0x28 c:/program files (x86)/gnu arm embedded toolchain/10 2021.10/bin/../lib/gcc/arm-none-eabi/10.3.1/../../../../arm-none-eabi/lib/thumb/v7e-m+fp/hard\libc_nano.a(lib_a-exit.o)
                0x0800069c                exit
 .text.__libc_init_array
                0x080006c4       0x48 c:/program files (x86)/gnu arm embedded toolchain/10 2021.10/bin/../lib/gcc/arm-none-eabi/10.3.1/../../../../arm-none-eabi/lib/thumb/v7e-m+fp/hard\libc_nano.a(lib_a-init.o)
                0x080006c4                __libc_init_array
 .text.memset   0x0800070c       0x10 c:/program files (x86)/gnu arm embedded toolchain/10 2021.10/bin/../lib/gcc/arm-none-eabi/10.3.1/../../../../arm-none-eabi/lib/thumb/v7e-m+fp/hard\libc_nano.a(lib_a-memset.o)
                0x0800070c                memset
 *(.init)
 .init          0x0800071c        0x4 c:/program files (x86)/gnu arm embedded toolchain/10 2021.10/bin/../lib/gcc/arm-none-eabi/10.3.1/thumb/v7e-m+fp/hard/crti.o
                0x0800071c                _init
 .init          0x08000720        0x8 c:/program files (x86)/gnu arm embedded toolchain/10 2021.10/bin/../lib/gcc/arm-none-eabi/10.3.1/thumb/v7e-m+fp/hard/crtn.o
 *(.fini)
 .fini          0x08000728        0x4 c:/program files (x86)/gnu arm embedded toolchain/10 2021.10/bin/../lib/gcc/arm-none-eabi/10.3.1/thumb/v7e-m+fp/hard/crti.o
                0x08000728                _fini
 .fini          0x0800072c        0x8 c:/program files (x86)/gnu arm embedded toolchain/10 2021.10/bin/../lib/gcc/arm-none-eabi/10.3.1/thumb/v7e-m+fp/hard/crtn.o
 *(.rodata)
 .rodata        0x08000734       0x24 c:/program files (x86)/gnu arm embedded toolchain/10 2021.10/bin/../lib/gcc/arm-none-eabi/10.3.1/thumb/v7e-m+fp/hard/crtbegin.o
 .rodata        0x08000758       0x24 c:/program files (x86)/gnu arm embedded toolchain/10 2021.10/bin/../lib/gcc/arm-none-eabi/10.3.1/thumb/v7e-m+fp/hard/crtend.o
 *(.rodata.*)
 .rodata._global_impure_ptr
                0x0800077c        0x4 c:/program files (x86)/gnu arm embedded toolchain/10 2021.10/bin/../lib/gcc/arm-none-eabi/10.3.1/../../../../arm-none-eabi/lib/thumb/v7e-m+fp/hard\libc_nano.a(lib_a-impure.o)
                0x0800077c                _global_impure_ptr
                0x08000780                . = ALIGN (0x4)
                0x08000780                _etext = .
                0x0800078c                _la_data = LOADADDR (.data)

.glue_7         0x08000780        0x0
 .glue_7        0x08000780        0x0 linker stubs

.glue_7t        0x08000780        0x0
 .glue_7t       0x08000780        0x0 linker stubs

.vfp11_veneer   0x08000780        0x0
 .vfp11_veneer  0x08000780        0x0 linker stubs

.v4_bx          0x08000780        0x0
 .v4_bx         0x08000780        0x0 linker stubs

.iplt           0x08000780        0x0
 .iplt          0x08000780        0x0 c:/program files (x86)/gnu arm embedded toolchain/10 2021.10/bin/../lib/gcc/arm-none-eabi/10.3.1/thumb/v7e-m+fp/hard/crtbegin.o

.eh_frame       0x08000780        0x4
 .eh_frame      0x08000780        0x0 c:/program files (x86)/gnu arm embedded toolchain/10 2021.10/bin/../lib/gcc/arm-none-eabi/10.3.1/thumb/v7e-m+fp/hard/crtbegin.o
 .eh_frame      0x08000780        0x4 c:/program files (x86)/gnu arm embedded toolchain/10 2021.10/bin/../lib/gcc/arm-none-eabi/10.3.1/thumb/v7e-m+fp/hard/crtend.o

.ARM.extab      0x08000784        0x0
 .ARM.extab     0x08000784        0x0 c:/program files (x86)/gnu arm embedded toolchain/10 2021.10/bin/../lib/gcc/arm-none-eabi/10.3.1/../../../../arm-none-eabi/lib/thumb/v7e-m+fp/hard/crt0.o

.ARM.exidx      0x08000784        0x8
 .ARM.exidx     0x08000784        0x8 c:/program files (x86)/gnu arm embedded toolchain/10 2021.10/bin/../lib/gcc/arm-none-eabi/10.3.1/../../../../arm-none-eabi/lib/thumb/v7e-m+fp/hard/crt0.o
                                 0x10 (size before relaxing)

.rel.dyn        0x0800078c        0x0
 .rel.iplt      0x0800078c        0x0 c:/program files (x86)/gnu arm embedded toolchain/10 2021.10/bin/../lib/gcc/arm-none-eabi/10.3.1/thumb/v7e-m+fp/hard/crtbegin.o

.data           0x20000000       0x6c load address 0x0800078c
                0x20000000                _sdata = .
 *(.data)
 .data          0x20000000        0x0 c:/program files (x86)/gnu arm embedded toolchain/10 2021.10/bin/../lib/gcc/arm-none-eabi/10.3.1/thumb/v7e-m+fp/hard/crti.o
 .data          0x20000000        0x4 c:/program files (x86)/gnu arm embedded toolchain/10 2021.10/bin/../lib/gcc/arm-none-eabi/10.3.1/thumb/v7e-m+fp/hard/crtbegin.o
                0x20000000                __dso_handle
 .data          0x20000004        0x0 c:/program files (x86)/gnu arm embedded toolchain/10 2021.10/bin/../lib/gcc/arm-none-eabi/10.3.1/../../../../arm-none-eabi/lib/thumb/v7e-m+fp/hard/crt0.o
 .data          0x20000004        0x0 build/obj/main.o
 .data          0x20000004        0x0 build/obj/stm32_startup.o
 .data          0x20000004        0x4 build/obj/syscalls.o
                0x20000004                environ
 .data          0x20000008        0x0 c:/program files (x86)/gnu arm embedded toolchain/10 2021.10/bin/../lib/gcc/arm-none-eabi/10.3.1/../../../../arm-none-eabi/lib/thumb/v7e-m+fp/hard\libc_nano.a(lib_a-errno.o)
 .data          0x20000008        0x0 c:/program files (x86)/gnu arm embedded toolchain/10 2021.10/bin/../lib/gcc/arm-none-eabi/10.3.1/../../../../arm-none-eabi/lib/thumb/v7e-m+fp/hard\libc_nano.a(lib_a-exit.o)
 .data          0x20000008        0x0 c:/program files (x86)/gnu arm embedded toolchain/10 2021.10/bin/../lib/gcc/arm-none-eabi/10.3.1/../../../../arm-none-eabi/lib/thumb/v7e-m+fp/hard\libc_nano.a(lib_a-impure.o)
 .data          0x20000008        0x0 c:/program files (x86)/gnu arm embedded toolchain/10 2021.10/bin/../lib/gcc/arm-none-eabi/10.3.1/../../../../arm-none-eabi/lib/thumb/v7e-m+fp/hard\libc_nano.a(lib_a-init.o)
 .data          0x20000008        0x0 c:/program files (x86)/gnu arm embedded toolchain/10 2021.10/bin/../lib/gcc/arm-none-eabi/10.3.1/../../../../arm-none-eabi/lib/thumb/v7e-m+fp/hard\libc_nano.a(lib_a-memset.o)
 .data          0x20000008        0x0 c:/program files (x86)/gnu arm embedded toolchain/10 2021.10/bin/../lib/gcc/arm-none-eabi/10.3.1/thumb/v7e-m+fp/hard/crtend.o
 .data          0x20000008        0x0 c:/program files (x86)/gnu arm embedded toolchain/10 2021.10/bin/../lib/gcc/arm-none-eabi/10.3.1/thumb/v7e-m+fp/hard/crtn.o
 *(.data.*)
 .data._impure_ptr
                0x20000008        0x4 c:/program files (x86)/gnu arm embedded toolchain/10 2021.10/bin/../lib/gcc/arm-none-eabi/10.3.1/../../../../arm-none-eabi/lib/thumb/v7e-m+fp/hard\libc_nano.a(lib_a-impure.o)
                0x20000008                _impure_ptr
 .data.impure_data
                0x2000000c       0x60 c:/program files (x86)/gnu arm embedded toolchain/10 2021.10/bin/../lib/gcc/arm-none-eabi/10.3.1/../../../../arm-none-eabi/lib/thumb/v7e-m+fp/hard\libc_nano.a(lib_a-impure.o)
                0x2000006c                . = ALIGN (0x4)
                0x2000006c                _edata = .

.init_array     0x2000006c        0x4 load address 0x080007f8
 .init_array    0x2000006c        0x4 c:/program files (x86)/gnu arm embedded toolchain/10 2021.10/bin/../lib/gcc/arm-none-eabi/10.3.1/thumb/v7e-m+fp/hard/crtbegin.o

.fini_array     0x20000070        0x4 load address 0x080007fc
 .fini_array    0x20000070        0x4 c:/program files (x86)/gnu arm embedded toolchain/10 2021.10/bin/../lib/gcc/arm-none-eabi/10.3.1/thumb/v7e-m+fp/hard/crtbegin.o

.igot.plt       0x20000074        0x0 load address 0x08000800
 .igot.plt      0x20000074        0x0 c:/program files (x86)/gnu arm embedded toolchain/10 2021.10/bin/../lib/gcc/arm-none-eabi/10.3.1/thumb/v7e-m+fp/hard/crtbegin.o

.bss            0x20000074       0x24 load address 0x08000800
                0x20000074                _sbss = .
                0x20000074                __bss_start__ = _sbss
 *(.bss)
 .bss           0x20000074        0x0 c:/program files (x86)/gnu arm embedded toolchain/10 2021.10/bin/../lib/gcc/arm-none-eabi/10.3.1/thumb/v7e-m+fp/hard/crti.o
 .bss           0x20000074       0x1c c:/program files (x86)/gnu arm embedded toolchain/10 2021.10/bin/../lib/gcc/arm-none-eabi/10.3.1/thumb/v7e-m+fp/hard/crtbegin.o
 .bss           0x20000090        0x0 c:/program files (x86)/gnu arm embedded toolchain/10 2021.10/bin/../lib/gcc/arm-none-eabi/10.3.1/../../../../arm-none-eabi/lib/thumb/v7e-m+fp/hard/crt0.o
 .bss           0x20000090        0x0 build/obj/main.o
 .bss           0x20000090        0x0 build/obj/stm32_startup.o
 .bss           0x20000090        0x8 build/obj/syscalls.o
                0x20000090                __env
 .bss           0x20000098        0x0 c:/program files (x86)/gnu arm embedded toolchain/10 2021.10/bin/../lib/gcc/arm-none-eabi/10.3.1/../../../../arm-none-eabi/lib/thumb/v7e-m+fp/hard\libc_nano.a(lib_a-errno.o)
 .bss           0x20000098        0x0 c:/program files (x86)/gnu arm embedded toolchain/10 2021.10/bin/../lib/gcc/arm-none-eabi/10.3.1/../../../../arm-none-eabi/lib/thumb/v7e-m+fp/hard\libc_nano.a(lib_a-exit.o)
 .bss           0x20000098        0x0 c:/program files (x86)/gnu arm embedded toolchain/10 2021.10/bin/../lib/gcc/arm-none-eabi/10.3.1/../../../../arm-none-eabi/lib/thumb/v7e-m+fp/hard\libc_nano.a(lib_a-impure.o)
 .bss           0x20000098        0x0 c:/program files (x86)/gnu arm embedded toolchain/10 2021.10/bin/../lib/gcc/arm-none-eabi/10.3.1/../../../../arm-none-eabi/lib/thumb/v7e-m+fp/hard\libc_nano.a(lib_a-init.o)
 .bss           0x20000098        0x0 c:/program files (x86)/gnu arm embedded toolchain/10 2021.10/bin/../lib/gcc/arm-none-eabi/10.3.1/../../../../arm-none-eabi/lib/thumb/v7e-m+fp/hard\libc_nano.a(lib_a-memset.o)
 .bss           0x20000098        0x0 c:/program files (x86)/gnu arm embedded toolchain/10 2021.10/bin/../lib/gcc/arm-none-eabi/10.3.1/thumb/v7e-m+fp/hard/crtend.o
 .bss           0x20000098        0x0 c:/program files (x86)/gnu arm embedded toolchain/10 2021.10/bin/../lib/gcc/arm-none-eabi/10.3.1/thumb/v7e-m+fp/hard/crtn.o
 *(.bss.*)
 *(COMMON)
                0x20000098                . = ALIGN (0x4)
                0x20000098                _ebss = .
                0x20000098                __bss_end__ = _ebss
                0x20000098                . = ALIGN (0x4)
                0x20000098                end = .
                0x20000098                __end__ = .
OUTPUT(build/bin/blink.elf elf32-littlearm)
LOAD linker stubs

.ARM.attributes
                0x00000000       0x30
 .ARM.attributes
                0x00000000       0x1e c:/program files (x86)/gnu arm embedded toolchain/10 2021.10/bin/../lib/gcc/arm-none-eabi/10.3.1/thumb/v7e-m+fp/hard/crti.o
 .ARM.attributes
                0x0000001e       0x34 c:/program files (x86)/gnu arm embedded toolchain/10 2021.10/bin/../lib/gcc/arm-none-eabi/10.3.1/thumb/v7e-m+fp/hard/crtbegin.o
 .ARM.attributes
                0x00000052       0x1c c:/program files (x86)/gnu arm embedded toolchain/10 2021.10/bin/../lib/gcc/arm-none-eabi/10.3.1/../../../../arm-none-eabi/lib/thumb/v7e-m+fp/hard/crt0.o
 .ARM.attributes
                0x0000006e       0x34 build/obj/main.o
 .ARM.attributes
                0x000000a2       0x34 build/obj/stm32_startup.o
 .ARM.attributes
                0x000000d6       0x34 build/obj/syscalls.o
 .ARM.attributes
                0x0000010a       0x34 c:/program files (x86)/gnu arm embedded toolchain/10 2021.10/bin/../lib/gcc/arm-none-eabi/10.3.1/../../../../arm-none-eabi/lib/thumb/v7e-m+fp/hard\libc_nano.a(lib_a-errno.o)
 .ARM.attributes
                0x0000013e       0x34 c:/program files (x86)/gnu arm embedded toolchain/10 2021.10/bin/../lib/gcc/arm-none-eabi/10.3.1/../../../../arm-none-eabi/lib/thumb/v7e-m+fp/hard\libc_nano.a(lib_a-exit.o)
 .ARM.attributes
                0x00000172       0x34 c:/program files (x86)/gnu arm embedded toolchain/10 2021.10/bin/../lib/gcc/arm-none-eabi/10.3.1/../../../../arm-none-eabi/lib/thumb/v7e-m+fp/hard\libc_nano.a(lib_a-impure.o)
 .ARM.attributes
                0x000001a6       0x34 c:/program files (x86)/gnu arm embedded toolchain/10 2021.10/bin/../lib/gcc/arm-none-eabi/10.3.1/../../../../arm-none-eabi/lib/thumb/v7e-m+fp/hard\libc_nano.a(lib_a-init.o)
 .ARM.attributes
                0x000001da       0x34 c:/program files (x86)/gnu arm embedded toolchain/10 2021.10/bin/../lib/gcc/arm-none-eabi/10.3.1/../../../../arm-none-eabi/lib/thumb/v7e-m+fp/hard\libc_nano.a(lib_a-memset.o)
 .ARM.attributes
                0x0000020e       0x34 c:/program files (x86)/gnu arm embedded toolchain/10 2021.10/bin/../lib/gcc/arm-none-eabi/10.3.1/thumb/v7e-m+fp/hard/crtend.o
 .ARM.attributes
                0x00000242       0x1e c:/program files (x86)/gnu arm embedded toolchain/10 2021.10/bin/../lib/gcc/arm-none-eabi/10.3.1/thumb/v7e-m+fp/hard/crtn.o

.comment        0x00000000       0x49
 .comment       0x00000000       0x49 build/obj/main.o
                                 0x4a (size before relaxing)
 .comment       0x00000049       0x4a build/obj/stm32_startup.o
 .comment       0x00000049       0x4a build/obj/syscalls.o

.debug_info     0x00000000      0xcdb
 .debug_info    0x00000000      0x42a build/obj/main.o
 .debug_info    0x0000042a      0x18c build/obj/stm32_startup.o
 .debug_info    0x000005b6      0x725 build/obj/syscalls.o

.debug_abbrev   0x00000000      0x3df
 .debug_abbrev  0x00000000      0x150 build/obj/main.o
 .debug_abbrev  0x00000150       0xe9 build/obj/stm32_startup.o
 .debug_abbrev  0x00000239      0x1a6 build/obj/syscalls.o

.debug_aranges  0x00000000       0x60
 .debug_aranges
                0x00000000       0x20 build/obj/main.o
 .debug_aranges
                0x00000020       0x20 build/obj/stm32_startup.o
 .debug_aranges
                0x00000040       0x20 build/obj/syscalls.o

.debug_macro    0x00000000     0x2b73
 .debug_macro   0x00000000       0xe5 build/obj/main.o
 .debug_macro   0x000000e5      0xa66 build/obj/main.o
 .debug_macro   0x00000b4b       0x10 build/obj/main.o
 .debug_macro   0x00000b5b       0x22 build/obj/main.o
 .debug_macro   0x00000b7d       0x4c build/obj/main.o
 .debug_macro   0x00000bc9       0x1e build/obj/main.o
 .debug_macro   0x00000be7       0x94 build/obj/main.o
 .debug_macro   0x00000c7b       0x3c build/obj/main.o
 .debug_macro   0x00000cb7      0x103 build/obj/main.o
 .debug_macro   0x00000dba       0x3a build/obj/main.o
 .debug_macro   0x00000df4       0x57 build/obj/main.o
 .debug_macro   0x00000e4b       0x6a build/obj/main.o
 .debug_macro   0x00000eb5      0x1df build/obj/main.o
 .debug_macro   0x00001094       0x82 build/obj/main.o
 .debug_macro   0x00001116      0x460 build/obj/main.o
 .debug_macro   0x00001576       0x22 build/obj/main.o
 .debug_macro   0x00001598       0x7b build/obj/stm32_startup.o
 .debug_macro   0x00001613       0x8e build/obj/stm32_startup.o
 .debug_macro   0x000016a1       0x51 build/obj/stm32_startup.o
 .debug_macro   0x000016f2      0x24c build/obj/syscalls.o
 .debug_macro   0x0000193e       0x34 build/obj/syscalls.o
 .debug_macro   0x00001972      0x174 build/obj/syscalls.o
 .debug_macro   0x00001ae6      0x341 build/obj/syscalls.o
 .debug_macro   0x00001e27       0x16 build/obj/syscalls.o
 .debug_macro   0x00001e3d       0x43 build/obj/syscalls.o
 .debug_macro   0x00001e80       0x34 build/obj/syscalls.o
 .debug_macro   0x00001eb4       0x10 build/obj/syscalls.o
 .debug_macro   0x00001ec4       0x58 build/obj/syscalls.o
 .debug_macro   0x00001f1c       0x71 build/obj/syscalls.o
 .debug_macro   0x00001f8d       0x1c build/obj/syscalls.o
 .debug_macro   0x00001fa9      0x12a build/obj/syscalls.o
 .debug_macro   0x000020d3       0x10 build/obj/syscalls.o
 .debug_macro   0x000020e3       0x35 build/obj/syscalls.o
 .debug_macro   0x00002118       0x10 build/obj/syscalls.o
 .debug_macro   0x00002128       0x10 build/obj/syscalls.o
 .debug_macro   0x00002138       0x10 build/obj/syscalls.o
 .debug_macro   0x00002148       0x1c build/obj/syscalls.o
 .debug_macro   0x00002164       0x52 build/obj/syscalls.o
 .debug_macro   0x000021b6       0x22 build/obj/syscalls.o
 .debug_macro   0x000021d8       0x10 build/obj/syscalls.o
 .debug_macro   0x000021e8       0x52 build/obj/syscalls.o
 .debug_macro   0x0000223a       0xd5 build/obj/syscalls.o
 .debug_macro   0x0000230f       0x1c build/obj/syscalls.o
 .debug_macro   0x0000232b       0x3d build/obj/syscalls.o
 .debug_macro   0x00002368       0x35 build/obj/syscalls.o
 .debug_macro   0x0000239d      0x12c build/obj/syscalls.o
 .debug_macro   0x000024c9       0x16 build/obj/syscalls.o
 .debug_macro   0x000024df       0x16 build/obj/syscalls.o
 .debug_macro   0x000024f5       0x29 build/obj/syscalls.o
 .debug_macro   0x0000251e       0x10 build/obj/syscalls.o
 .debug_macro   0x0000252e      0x241 build/obj/syscalls.o
 .debug_macro   0x0000276f       0x1c build/obj/syscalls.o
 .debug_macro   0x0000278b       0x10 build/obj/syscalls.o
 .debug_macro   0x0000279b       0x10 build/obj/syscalls.o
 .debug_macro   0x000027ab       0x16 build/obj/syscalls.o
 .debug_macro   0x000027c1      0x145 build/obj/syscalls.o
 .debug_macro   0x00002906      0x189 build/obj/syscalls.o
 .debug_macro   0x00002a8f       0x16 build/obj/syscalls.o
 .debug_macro   0x00002aa5       0xce build/obj/syscalls.o

.debug_line     0x00000000      0xb4a
 .debug_line    0x00000000      0x382 build/obj/main.o
 .debug_line    0x00000382      0x28c build/obj/stm32_startup.o
 .debug_line    0x0000060e      0x53c build/obj/syscalls.o

.debug_str      0x00000000     0xa585
 .debug_str     0x00000000     0x512f build/obj/main.o
                               0x52e5 (size before relaxing)
 .debug_str     0x0000512f       0xd2 build/obj/stm32_startup.o
                               0x3c73 (size before relaxing)
 .debug_str     0x00005201     0x5384 build/obj/syscalls.o
                               0x8a18 (size before relaxing)

.debug_frame    0x00000000      0x458
 .debug_frame   0x00000000       0xa8 build/obj/main.o
 .debug_frame   0x000000a8       0x4c build/obj/stm32_startup.o
 .debug_frame   0x000000f4      0x2d0 build/obj/syscalls.o
 .debug_frame   0x000003c4       0x20 c:/program files (x86)/gnu arm embedded toolchain/10 2021.10/bin/../lib/gcc/arm-none-eabi/10.3.1/../../../../arm-none-eabi/lib/thumb/v7e-m+fp/hard\libc_nano.a(lib_a-errno.o)
 .debug_frame   0x000003e4       0x28 c:/program files (x86)/gnu arm embedded toolchain/10 2021.10/bin/../lib/gcc/arm-none-eabi/10.3.1/../../../../arm-none-eabi/lib/thumb/v7e-m+fp/hard\libc_nano.a(lib_a-exit.o)
 .debug_frame   0x0000040c       0x2c c:/program files (x86)/gnu arm embedded toolchain/10 2021.10/bin/../lib/gcc/arm-none-eabi/10.3.1/../../../../arm-none-eabi/lib/thumb/v7e-m+fp/hard\libc_nano.a(lib_a-init.o)
 .debug_frame   0x00000438       0x20 c:/program files (x86)/gnu arm embedded toolchain/10 2021.10/bin/../lib/gcc/arm-none-eabi/10.3.1/../../../../arm-none-eabi/lib/thumb/v7e-m+fp/hard\libc_nano.a(lib_a-memset.o)
